[INFO] [1774868862.425055742] [table_height_estimator]: Table Height Lifecycle Node Initialized (Unconfigured).
[INFO] [1774868922.101718896] [table_height_estimator]: Configuring: lightweight geometric mode (no heavy models)
[INFO] [1774868922.155207080] [table_height_estimator]: Configuration complete.
[INFO] [1774868922.155436563] [table_height_estimator]: returned 1
[INFO] [1774868922.321218033] [table_height_estimator]: returned 3
[INFO] [1774868922.416592110] [table_height_estimator]: returned 3
[INFO] [1774868922.725491482] [table_height_estimator]: returned 3
[INFO] [1774868922.823558266] [table_height_estimator]: returned 3
[INFO] [1774868923.006772351] [table_height_estimator]: returned 3
[INFO] [1774868923.184538748] [table_height_estimator]: returned 3
[INFO] [1774868923.299673018] [table_height_estimator]: Activating node...
[INFO] [1774868923.300665511] [table_height_estimator]: Node activated. Processing incoming data.
[INFO] [1774868923.503580619] [table_height_estimator]: returned 10
[INFO] [1774868923.671246137] [table_height_estimator]: returned 10
[INFO] [1774868923.842391600] [table_height_estimator]: returned 10
[INFO] [1774868923.999979001] [table_height_estimator]: returned 10
[INFO] [1774868924.142042421] [table_height_estimator]: returned 10
[INFO] [1774868924.311018655] [table_height_estimator]: returned 10
[INFO] [1774868924.476488379] [table_height_estimator]: returned 10
[INFO] [1774868924.628938725] [table_height_estimator]: returned 10
[INFO] [1774868924.831470655] [table_height_estimator]: returned 10
[INFO] [1774868924.987593172] [table_height_estimator]: returned 10
[INFO] [1774868925.217818564] [table_height_estimator]: returned 10
[INFO] [1774868925.428688446] [table_height_estimator]: returned 10
[INFO] [1774868925.599055824] [table_height_estimator]: returned 10
[INFO] [1774868925.760935829] [table_height_estimator]: returned 10
[INFO] [1774868925.957602127] [table_height_estimator]: returned 10
[INFO] [1774868926.187705462] [table_height_estimator]: returned 10
[INFO] [1774868926.350504839] [table_height_estimator]: returned 10
[INFO] [1774868926.510730951] [table_height_estimator]: returned 10
[INFO] [1774868926.670164511] [table_height_estimator]: returned 10
[INFO] [1774868926.830742475] [table_height_estimator]: returned 10
[INFO] [1774868926.996587014] [table_height_estimator]: returned 10
[INFO] [1774868927.184812622] [table_height_estimator]: returned 10
[INFO] [1774868927.333873197] [table_height_estimator]: returned 10
[INFO] [1774868927.659743211] [table_height_estimator]: returned 10
[INFO] [1774868927.841045961] [table_height_estimator]: returned 10
[INFO] [1774868928.005415825] [table_height_estimator]: returned 10
[INFO] [1774868928.170013837] [table_height_estimator]: returned 10
[INFO] [1774868928.892147106] [table_height_estimator]: returned 10
[INFO] [1774868929.054924798] [table_height_estimator]: returned 10
[INFO] [1774868929.230559388] [table_height_estimator]: returned 10
[INFO] [1774868929.482921093] [table_height_estimator]: returned 10
[INFO] [1774868929.775582372] [table_height_estimator]: returned 10
[INFO] [1774868930.025525167] [table_height_estimator]: returned 10
[INFO] [1774868930.212046716] [table_height_estimator]: returned 10
[INFO] [1774868930.392521719] [table_height_estimator]: returned 10
[INFO] [1774868930.563999122] [table_height_estimator]: returned 10
[INFO] [1774868930.703624308] [table_height_estimator]: returned 10
[INFO] [1774868930.845565110] [table_height_estimator]: returned 10
[INFO] [1774868930.954672098] [table_height_estimator]: returned 10
[INFO] [1774868931.063747082] [table_height_estimator]: returned 10
[INFO] [1774868931.164863504] [table_height_estimator]: returned 10
[INFO] [1774868931.288185428] [table_height_estimator]: returned 10
[INFO] [1774868931.464829592] [table_height_estimator]: returned 10
[INFO] [1774868931.636791301] [table_height_estimator]: returned 10
[INFO] [1774868931.870362770] [table_height_estimator]: returned 10
[INFO] [1774868932.082955755] [table_height_estimator]: returned 10
[INFO] [1774868932.253878617] [table_height_estimator]: returned 10
[INFO] [1774868932.419302434] [table_height_estimator]: returned 10
[INFO] [1774868932.617021398] [table_height_estimator]: returned 10
[INFO] [1774868932.834349911] [table_height_estimator]: returned 10
[INFO] [1774868933.020293293] [table_height_estimator]: returned 10
[INFO] [1774868933.120207446] [table_height_estimator]: returned 10
[INFO] [1774868933.272455104] [table_height_estimator]: returned 10
[INFO] [1774868933.449348324] [table_height_estimator]: returned 10
[INFO] [1774868933.645208162] [table_height_estimator]: returned 10
[INFO] [1774868933.795256228] [table_height_estimator]: returned 10
[INFO] [1774868933.954035989] [table_height_estimator]: returned 10
[INFO] [1774868934.302023447] [table_height_estimator]: returned 10
[INFO] [1774868934.479575688] [table_height_estimator]: returned 10
[INFO] [1774868934.669509596] [table_height_estimator]: returned 10
[INFO] [1774868934.839095103] [table_height_estimator]: returned 10
[INFO] [1774868935.523261562] [table_height_estimator]: returned 10
[INFO] [1774868935.709720389] [table_height_estimator]: returned 10
[INFO] [1774868935.853871410] [table_height_estimator]: returned 10
[INFO] [1774868936.071224469] [table_height_estimator]: returned 10
[INFO] [1774868936.280647592] [table_height_estimator]: returned 10
[INFO] [1774868936.444367973] [table_height_estimator]: returned 10
[INFO] [1774868936.628546312] [table_height_estimator]: returned 10
[INFO] [1774868936.806911999] [table_height_estimator]: returned 10
[INFO] [1774868936.981233352] [table_height_estimator]: returned 10
[INFO] [1774868937.148989244] [table_height_estimator]: returned 10
[INFO] [1774868937.307844344] [table_height_estimator]: returned 10
[INFO] [1774868937.482964167] [table_height_estimator]: returned 10
[INFO] [1774868937.663586587] [table_height_estimator]: returned 10
[INFO] [1774868937.823635710] [table_height_estimator]: returned 10
[INFO] [1774868937.983585107] [table_height_estimator]: returned 10
[INFO] [1774868938.164552588] [table_height_estimator]: returned 10
[INFO] [1774868938.327415754] [table_height_estimator]: returned 10
[INFO] [1774868938.578062097] [table_height_estimator]: returned 10
[INFO] [1774868938.771718181] [table_height_estimator]: returned 10
[INFO] [1774868938.936128679] [table_height_estimator]: returned 10
[INFO] [1774868939.112112420] [table_height_estimator]: returned 10
[INFO] [1774868939.305979936] [table_height_estimator]: returned 10
[INFO] [1774868939.529085846] [table_height_estimator]: returned 10
[INFO] [1774868939.708000731] [table_height_estimator]: returned 10
[INFO] [1774868939.806397738] [table_height_estimator]: returned 10
[INFO] [1774868939.954299192] [table_height_estimator]: returned 10
[INFO] [1774868940.157439858] [table_height_estimator]: returned 10
[INFO] [1774868940.310301642] [table_height_estimator]: returned 10
[INFO] [1774868940.485115747] [table_height_estimator]: returned 10
[INFO] [1774868940.664900714] [table_height_estimator]: returned 10
[INFO] [1774868940.998964677] [table_height_estimator]: returned 10
[INFO] [1774868941.167366263] [table_height_estimator]: returned 10
[INFO] [1774868941.351578889] [table_height_estimator]: returned 10
[INFO] [1774868941.511340142] [table_height_estimator]: returned 10
[INFO] [1774868942.219456042] [table_height_estimator]: returned 10
[INFO] [1774868942.386995377] [table_height_estimator]: returned 10
[INFO] [1774868942.538818604] [table_height_estimator]: returned 10
[INFO] [1774868942.759974724] [table_height_estimator]: returned 10
[INFO] [1774868942.957060038] [table_height_estimator]: returned 10
[INFO] [1774868943.141303853] [table_height_estimator]: returned 10
[INFO] [1774868943.332640343] [table_height_estimator]: returned 10
[INFO] [1774868943.481535782] [table_height_estimator]: returned 10
[INFO] [1774868943.655387067] [table_height_estimator]: returned 10
[INFO] [1774868943.813191460] [table_height_estimator]: returned 10
[INFO] [1774868943.980267623] [table_height_estimator]: returned 10
[INFO] [1774868944.171090987] [table_height_estimator]: returned 10
[INFO] [1774868944.342032471] [table_height_estimator]: returned 10
[INFO] [1774868944.529346030] [table_height_estimator]: returned 10
[INFO] [1774868944.677831329] [table_height_estimator]: returned 10
[INFO] [1774868944.842823560] [table_height_estimator]: returned 10
[INFO] [1774868945.012111274] [table_height_estimator]: returned 10
[INFO] [1774868945.248539918] [table_height_estimator]: returned 10
[INFO] [1774868945.451472781] [table_height_estimator]: returned 10
[INFO] [1774868945.624968766] [table_height_estimator]: returned 10
[INFO] [1774868945.828316810] [table_height_estimator]: returned 10
[INFO] [1774868946.017007068] [table_height_estimator]: returned 10
[INFO] [1774868946.235974587] [table_height_estimator]: returned 10
[INFO] [1774868946.409640693] [table_height_estimator]: returned 10
[INFO] [1774868946.535298739] [table_height_estimator]: returned 10
[INFO] [1774868946.653890589] [table_height_estimator]: returned 10
[INFO] [1774868946.825256113] [table_height_estimator]: returned 10
[INFO] [1774868947.013122434] [table_height_estimator]: returned 10
[INFO] [1774868947.171824309] [table_height_estimator]: returned 10
[INFO] [1774868947.329828068] [table_height_estimator]: returned 10
[INFO] [1774868947.684497022] [table_height_estimator]: returned 10
[INFO] [1774868947.859342582] [table_height_estimator]: returned 10
[INFO] [1774868948.021362491] [table_height_estimator]: returned 10
[INFO] [1774868948.211791968] [table_height_estimator]: returned 10
[INFO] [1774868948.909900651] [table_height_estimator]: returned 10
[INFO] [1774868949.096322817] [table_height_estimator]: returned 10
[INFO] [1774868949.235716145] [table_height_estimator]: returned 10
[INFO] [1774868949.453965911] [table_height_estimator]: returned 10
[INFO] [1774868949.654429660] [table_height_estimator]: returned 10
[INFO] [1774868949.842461290] [table_height_estimator]: returned 10
[INFO] [1774868949.993194077] [table_height_estimator]: returned 10
[INFO] [1774868950.173191120] [table_height_estimator]: returned 10
[INFO] [1774868950.349843209] [table_height_estimator]: returned 10
[INFO] [1774868950.513765373] [table_height_estimator]: returned 10
[INFO] [1774868950.671974071] [table_height_estimator]: returned 10
[INFO] [1774868950.851344356] [table_height_estimator]: returned 10
[INFO] [1774868951.023544366] [table_height_estimator]: returned 10
[INFO] [1774868951.231543495] [table_height_estimator]: returned 10
[INFO] [1774868951.357155471] [table_height_estimator]: returned 10
[INFO] [1774868951.545019689] [table_height_estimator]: returned 10
[INFO] [1774868951.708472304] [table_height_estimator]: returned 10
[INFO] [1774868951.961929219] [table_height_estimator]: returned 10
[INFO] [1774868952.161125249] [table_height_estimator]: returned 10
[INFO] [1774868952.322985693] [table_height_estimator]: returned 10
[INFO] [1774868952.495266594] [table_height_estimator]: returned 10
[INFO] [1774868952.693125444] [table_height_estimator]: returned 10
[INFO] [1774868952.909225400] [table_height_estimator]: returned 10
[INFO] [1774868953.095609896] [table_height_estimator]: returned 10
[INFO] [1774868953.197096929] [table_height_estimator]: returned 10
[INFO] [1774868953.336104868] [table_height_estimator]: returned 10
[INFO] [1774868953.528188302] [table_height_estimator]: returned 10
[INFO] [1774868953.699399297] [table_height_estimator]: returned 10
[INFO] [1774868953.873130600] [table_height_estimator]: returned 10
[INFO] [1774868954.032082887] [table_height_estimator]: returned 10
[INFO] [1774868954.394809704] [table_height_estimator]: returned 10
[INFO] [1774868954.547378922] [table_height_estimator]: returned 10
[INFO] [1774868954.752925397] [table_height_estimator]: returned 10
[INFO] [1774868954.937823277] [table_height_estimator]: returned 10
[INFO] [1774868955.719293360] [table_height_estimator]: returned 10
[INFO] [1774868955.882227702] [table_height_estimator]: returned 10
[INFO] [1774868956.020377898] [table_height_estimator]: returned 10
[INFO] [1774868956.159299635] [table_height_estimator]: returned 10
[INFO] [1774868956.354403310] [table_height_estimator]: returned 10
[INFO] [1774868956.515066738] [table_height_estimator]: returned 10
[INFO] [1774868956.694798957] [table_height_estimator]: returned 10
[INFO] [1774868956.859857986] [table_height_estimator]: returned 10
[INFO] [1774868957.035943582] [table_height_estimator]: returned 10
[INFO] [1774868957.216295511] [table_height_estimator]: returned 10
[INFO] [1774868957.355375703] [table_height_estimator]: returned 10
[INFO] [1774868957.533643906] [table_height_estimator]: returned 10
[INFO] [1774868957.721933524] [table_height_estimator]: returned 10
[INFO] [1774868957.899624301] [table_height_estimator]: returned 10
[INFO] [1774868958.044581545] [table_height_estimator]: returned 10
[INFO] [1774868958.234269032] [table_height_estimator]: returned 10
[INFO] [1774868958.395579527] [table_height_estimator]: returned 10
[INFO] [1774868958.648416556] [table_height_estimator]: returned 10
[INFO] [1774868958.867971730] [table_height_estimator]: returned 10
[INFO] [1774868959.003404229] [table_height_estimator]: returned 10
[INFO] [1774868959.202987698] [table_height_estimator]: returned 10
[INFO] [1774868959.377823206] [table_height_estimator]: returned 10
[INFO] [1774868959.599631600] [table_height_estimator]: returned 10
[INFO] [1774868959.755401721] [table_height_estimator]: returned 10
[INFO] [1774868959.862731362] [table_height_estimator]: returned 10
[INFO] [1774868960.035850192] [table_height_estimator]: returned 10
[INFO] [1774868960.225804815] [table_height_estimator]: returned 10
[INFO] [1774868960.393501822] [table_height_estimator]: returned 10
[INFO] [1774868960.577587217] [table_height_estimator]: returned 10
[INFO] [1774868960.730617498] [table_height_estimator]: returned 10
[INFO] [1774868961.077048212] [table_height_estimator]: returned 10
[INFO] [1774868961.249829156] [table_height_estimator]: returned 10
[INFO] [1774868961.408724281] [table_height_estimator]: returned 10
[INFO] [1774868961.594418086] [table_height_estimator]: returned 10
[INFO] [1774868962.293900269] [table_height_estimator]: returned 10
[INFO] [1774868962.465942890] [table_height_estimator]: returned 10
[INFO] [1774868962.642780642] [table_height_estimator]: returned 10
[INFO] [1774868962.851165736] [table_height_estimator]: returned 10
[INFO] [1774868963.072086696] [table_height_estimator]: returned 10
[INFO] [1774868963.224733252] [table_height_estimator]: returned 10
[INFO] [1774868963.404552986] [table_height_estimator]: returned 10
[INFO] [1774868963.558393847] [table_height_estimator]: returned 10
[INFO] [1774868963.731490158] [table_height_estimator]: returned 10
[INFO] [1774868963.906273781] [table_height_estimator]: returned 10
[INFO] [1774868964.055181007] [table_height_estimator]: returned 10
[INFO] [1774868964.234253741] [table_height_estimator]: returned 10
[INFO] [1774868964.415239678] [table_height_estimator]: returned 10
[INFO] [1774868964.599869455] [table_height_estimator]: returned 10
[INFO] [1774868964.744090056] [table_height_estimator]: returned 10
[INFO] [1774868964.924875735] [table_height_estimator]: returned 10
[INFO] [1774868965.104937913] [table_height_estimator]: returned 10
[INFO] [1774868965.325568882] [table_height_estimator]: returned 10
[INFO] [1774868965.523166111] [table_height_estimator]: returned 10
[INFO] [1774868965.708241626] [table_height_estimator]: returned 10
[INFO] [1774868965.865581109] [table_height_estimator]: returned 10
[INFO] [1774868966.068615020] [table_height_estimator]: returned 10
[INFO] [1774868966.289471910] [table_height_estimator]: returned 10
[INFO] [1774868966.469290030] [table_height_estimator]: returned 10
[INFO] [1774868966.573100445] [table_height_estimator]: returned 10
[INFO] [1774868966.738612597] [table_height_estimator]: returned 10
[INFO] [1774868966.913077093] [table_height_estimator]: returned 10
[INFO] [1774868967.082003596] [table_height_estimator]: returned 10
[INFO] [1774868967.251784342] [table_height_estimator]: returned 10
[INFO] [1774868967.415422070] [table_height_estimator]: returned 10
[INFO] [1774868967.784189302] [table_height_estimator]: returned 10
[INFO] [1774868967.940745710] [table_height_estimator]: returned 10
[INFO] [1774868968.102735184] [table_height_estimator]: returned 10
[INFO] [1774868968.283171450] [table_height_estimator]: returned 10
[INFO] [1774868968.985153453] [table_height_estimator]: returned 10
[INFO] [1774868969.183679372] [table_height_estimator]: returned 10
[INFO] [1774868969.318631434] [table_height_estimator]: returned 10
[INFO] [1774868969.550227887] [table_height_estimator]: returned 10
[INFO] [1774868969.749599160] [table_height_estimator]: returned 10
[INFO] [1774868969.917035305] [table_height_estimator]: returned 10
[INFO] [1774868970.094074882] [table_height_estimator]: returned 10
[INFO] [1774868970.268999839] [table_height_estimator]: returned 10
[INFO] [1774868970.442216305] [table_height_estimator]: returned 10
[INFO] [1774868970.598872167] [table_height_estimator]: returned 10
[INFO] [1774868970.742339549] [table_height_estimator]: returned 10
[INFO] [1774868970.929213297] [table_height_estimator]: returned 10
[INFO] [1774868971.114527672] [table_height_estimator]: returned 10
[INFO] [1774868971.293709215] [table_height_estimator]: returned 10
[INFO] [1774868971.465206863] [table_height_estimator]: returned 10
[INFO] [1774868971.640246561] [table_height_estimator]: returned 10
[INFO] [1774868971.802941836] [table_height_estimator]: returned 10
[INFO] [1774868972.055009733] [table_height_estimator]: returned 10
[INFO] [1774868972.257481848] [table_height_estimator]: returned 10
[INFO] [1774868972.409856215] [table_height_estimator]: returned 10
[INFO] [1774868972.563111897] [table_height_estimator]: returned 10
[INFO] [1774868972.781204831] [table_height_estimator]: returned 10
[INFO] [1774868972.988703879] [table_height_estimator]: returned 10
[INFO] [1774868973.155332919] [table_height_estimator]: returned 10
[INFO] [1774868973.264478624] [table_height_estimator]: returned 10
[INFO] [1774868973.432855807] [table_height_estimator]: returned 10
[INFO] [1774868973.624495033] [table_height_estimator]: returned 10
[INFO] [1774868973.770329202] [table_height_estimator]: returned 10
[INFO] [1774868973.947561384] [table_height_estimator]: returned 10
[INFO] [1774868974.110239310] [table_height_estimator]: returned 10
[INFO] [1774868974.464843644] [table_height_estimator]: returned 10
[INFO] [1774868974.627311334] [table_height_estimator]: returned 10
[INFO] [1774868974.810007327] [table_height_estimator]: returned 10
[INFO] [1774868974.984940095] [table_height_estimator]: returned 10
[INFO] [1774868975.706649883] [table_height_estimator]: returned 10
[INFO] [1774868975.879040835] [table_height_estimator]: returned 10
[INFO] [1774868976.017301422] [table_height_estimator]: returned 10
[INFO] [1774868976.245112555] [table_height_estimator]: returned 10
[INFO] [1774868976.447123000] [table_height_estimator]: returned 10
[INFO] [1774868976.613496787] [table_height_estimator]: returned 10
[INFO] [1774868976.788795717] [table_height_estimator]: returned 10
[INFO] [1774868976.960035538] [table_height_estimator]: returned 10
[INFO] [1774868977.135099412] [table_height_estimator]: returned 10
[INFO] [1774868977.291382279] [table_height_estimator]: returned 10
[INFO] [1774868977.449049139] [table_height_estimator]: returned 10
[INFO] [1774868977.634768521] [table_height_estimator]: returned 10
[INFO] [1774868977.820013530] [table_height_estimator]: returned 10
[INFO] [1774868977.988580118] [table_height_estimator]: returned 10
[INFO] [1774868978.151242625] [table_height_estimator]: returned 10
[INFO] [1774868978.324226221] [table_height_estimator]: returned 10
[INFO] [1774868978.502865962] [table_height_estimator]: returned 10
[INFO] [1774868978.727994039] [table_height_estimator]: returned 10
[INFO] [1774868978.930994231] [table_height_estimator]: returned 10
[INFO] [1774868979.099286046] [table_height_estimator]: returned 10
[INFO] [1774868979.404575514] [table_height_estimator]: returned 10
[INFO] [1774868979.649807602] [table_height_estimator]: returned 10
[INFO] [1774868979.804429804] [table_height_estimator]: returned 10
[INFO] [1774868979.956839801] [table_height_estimator]: returned 10
[INFO] [1774868980.099115263] [table_height_estimator]: returned 10
[INFO] [1774868980.205323349] [table_height_estimator]: returned 10
[INFO] [1774868980.317688673] [table_height_estimator]: returned 10
[INFO] [1774868980.496957649] [table_height_estimator]: returned 10
[INFO] [1774868980.662548231] [table_height_estimator]: returned 10
[INFO] [1774868980.818606498] [table_height_estimator]: returned 10
[INFO] [1774868981.168316002] [table_height_estimator]: returned 10
[INFO] [1774868981.333185866] [table_height_estimator]: returned 10
[INFO] [1774868981.525295809] [table_height_estimator]: returned 10
[INFO] [1774868981.717337933] [table_height_estimator]: returned 10
[INFO] [1774868982.380406324] [table_height_estimator]: returned 10
[INFO] [1774868982.561605539] [table_height_estimator]: returned 10
[INFO] [1774868982.716485516] [table_height_estimator]: returned 10
[INFO] [1774868982.924302581] [table_height_estimator]: returned 10
[INFO] [1774868983.129339939] [table_height_estimator]: returned 10
[INFO] [1774868983.307259639] [table_height_estimator]: returned 10
[INFO] [1774868983.469484291] [table_height_estimator]: returned 10
[INFO] [1774868983.648738899] [table_height_estimator]: returned 10
[INFO] [1774868983.818281276] [table_height_estimator]: returned 10
[INFO] [1774868983.980180269] [table_height_estimator]: returned 10
[INFO] [1774868984.138675727] [table_height_estimator]: returned 10
[INFO] [1774868984.320925417] [table_height_estimator]: returned 10
[INFO] [1774868984.504466630] [table_height_estimator]: returned 10
[INFO] [1774868984.685255604] [table_height_estimator]: returned 10
[INFO] [1774868984.830863663] [table_height_estimator]: returned 10
[INFO] [1774868985.021399957] [table_height_estimator]: returned 10
[INFO] [1774868985.195864037] [table_height_estimator]: returned 10
[INFO] [1774868985.427106513] [table_height_estimator]: returned 10
[INFO] [1774868985.626701841] [table_height_estimator]: returned 10
[INFO] [1774868985.807276345] [table_height_estimator]: returned 10
[INFO] [1774868985.959595623] [table_height_estimator]: returned 10
[INFO] [1774868986.186403807] [table_height_estimator]: returned 10
[INFO] [1774868986.373927261] [table_height_estimator]: returned 10
[INFO] [1774868986.550523603] [table_height_estimator]: returned 10
[INFO] [1774868986.658139121] [table_height_estimator]: returned 10
[INFO] [1774868986.829583839] [table_height_estimator]: returned 10
[INFO] [1774868986.999713452] [table_height_estimator]: returned 10
[INFO] [1774868987.166271645] [table_height_estimator]: returned 10
[INFO] [1774868987.342518291] [table_height_estimator]: returned 10
[INFO] [1774868987.506687410] [table_height_estimator]: returned 10
Traceback (most recent call last):
  File "/home/afnan/Desktop/R4S table height/perception/r4s/install/perception/lib/python3.12/site-packages/perception/table_height_node.py", line 265, in main
    rclpy.spin(node)
  File "/opt/ros/jazzy/lib/python3.12/site-packages/rclpy/__init__.py", line 247, in spin
    executor.spin_once()
  File "/opt/ros/jazzy/lib/python3.12/site-packages/rclpy/executors.py", line 845, in spin_once
    self._spin_once_impl(timeout_sec)
  File "/opt/ros/jazzy/lib/python3.12/site-packages/rclpy/executors.py", line 829, in _spin_once_impl
    handler, entity, node = self.wait_for_ready_callbacks(
                            ^^^^^^^^^^^^^^^^^^^^^^^^^^^^^^
  File "/opt/ros/jazzy/lib/python3.12/site-packages/rclpy/executors.py", line 799, in wait_for_ready_callbacks
    return next(self._cb_iter)
           ^^^^^^^^^^^^^^^^^^^
  File "/opt/ros/jazzy/lib/python3.12/site-packages/rclpy/executors.py", line 707, in _wait_for_ready_callbacks
    raise ExternalShutdownException()
rclpy.executors.ExternalShutdownException

During handling of the above exception, another exception occurred:

Traceback (most recent call last):
  File "/home/afnan/Desktop/R4S table height/perception/r4s/install/perception/lib/perception/table_height", line 33, in <module>
    sys.exit(load_entry_point('perception==0.0.0', 'console_scripts', 'table_height')())
             ^^^^^^^^^^^^^^^^^^^^^^^^^^^^^^^^^^^^^^^^^^^^^^^^^^^^^^^^^^^^^^^^^^^^^^^^^^
  File "/home/afnan/Desktop/R4S table height/perception/r4s/install/perception/lib/python3.12/site-packages/perception/table_height_node.py", line 270, in main
    rclpy.shutdown()
  File "/opt/ros/jazzy/lib/python3.12/site-packages/rclpy/__init__.py", line 134, in shutdown
    _shutdown(context=context)
  File "/opt/ros/jazzy/lib/python3.12/site-packages/rclpy/utilities.py", line 82, in shutdown
    context.shutdown()
  File "/opt/ros/jazzy/lib/python3.12/site-packages/rclpy/context.py", line 129, in shutdown
    self.__context.shutdown()
rclpy._rclpy_pybind11.RCLError: failed to shutdown: rcl_shutdown already called on the given context, at ./src/rcl/init.c:333
